// Jest Snapshot v1, https://goo.gl/fbAQLP

exports[`ErrorFigures component should render correclty 1`] = `
<div class="absolute inset-0 overflow-hidden pointer-events-none flex justify-center items-center">
  <figure class="primary-text opacity-50 absolute figure--1"><svg class="w-full h-full fill-current"></svg></figure>
  <figure class="primary-text opacity-50 absolute figure--2"><svg class="w-full h-full fill-current"></svg></figure>
  <figure class="primary-text opacity-50 absolute figure--3"><svg class="w-full h-full fill-current"></svg></figure>
  <figure class="primary-text opacity-50 absolute figure--4"><svg class="w-full h-full fill-current"></svg></figure>
  <figure class="primary-text opacity-50 absolute figure--5"><svg class="w-full h-full fill-current"></svg></figure>
  <figure class="primary-text opacity-50 absolute figure--6"><svg class="w-full h-full fill-current"></svg></figure>
  <figure class="primary-text opacity-50 absolute figure--7"><svg class="w-full h-full fill-current"></svg></figure>
  <figure class="primary-text opacity-50 absolute figure--8"><svg class="w-full h-full fill-current"></svg></figure>
  <figure class="primary-text opacity-50 absolute figure--9"><svg class="w-full h-full fill-current"></svg></figure>
  <figure class="primary-text opacity-50 absolute figure--10"><svg class="w-full h-full fill-current"></svg></figure>
</div>
`;
