// Jest Snapshot v1, https://goo.gl/fbAQLP

exports[`blog page should render correctly 1`] = `
<section>
  <div class="container mx-auto py-20">
    <div class="flex flex-col items-center | mb-8">
      <h1 class="text-7xl font-bold">
        Good evening
      </h1>
      <p class="text-lg">
        Welcome to my space
      </p>
    </div>
    <div class="flex justify-center"><label for="search"><input id="search" type="text"></label></div>
  </div>
  <div class="container mx-auto px-4 md:px-0">
    <div class="blog-grid"></div>
  </div>
</section>
`;
