// Jest Snapshot v1, https://goo.gl/fbAQLP

exports[`blog page should render correctly 1`] = `
<section>
  <div class="pt-0 md:pt-20">
    <div class="container mx-auto px-4 md:px-0 py-8 md:py-20 relative z-10">
      <div class="blog-grid">
        <div></div>
      </div>
    </div>
  </div>
</section>
`;
