// Jest Snapshot v1, https://goo.gl/fbAQLP

exports[`index page should render page correctly 1`] = `
<section>
  <portal-stub name="1" order="0" slotprops="[object Object]" tag="DIV" to="page-banner">
    <homebanner></homebanner>
  </portal-stub>
  <aboutmeinformation></aboutmeinformation>
  <recentprojects-stub></recentprojects-stub>
</section>
`;
