// Jest Snapshot v1, https://goo.gl/fbAQLP

exports[`me page should render correctly 1`] = `
<section>
  <div class="v-portal" style="display: none;"></div>
  <section class="section-container mb-24 md:mb-0">
    <div class="container | flex | my-0 mx-auto">
      <div class="text-black dark:text-white | about-me-information__content">
        <div class="relative | mb-4 md:mb-0">
          <h2 class="mb-4 | section-title about-me-information__title">
            me.hi-label
          </h2>
          <p class="relative z-10 | font-base | about-me-information__description">me.about-me-description</p>
        </div>
        <div class="flex items-center justify-center"><img src="~assets/img/photo-2.png" alt="christian"></div>
      </div>
    </div>
  </section>
  <section class="section-container mb-24 md:mb-0">
    <div class="container | flex | my-0 mx-auto">
      <div class="flex flex-col | w-full">
        <h2 class="mb-8 | text-center | section-title about-me-skills__title">
          me.skills-label
        </h2>
        <div class="flex justify-center items-center | flex-1">
          <div class="flex flex-wrap justify-center | max-w-screen-lg">
            <div class="flex flex-col items-center justify-between | group transition-all duration-300 | card skill-icon m-2"><span class="flex justify-center items-center flex-1 | w-16"><svg></svg></span> <span class="mt-2 | text-black dark:text-white group-hover:text-pink-500 dark-group-hover:text-white | text-base md:text-lg | font-bold leading-none | transition-colors duration-300">
    Javascript
  </span></div>
            <div class="flex flex-col items-center justify-between | group transition-all duration-300 | card skill-icon m-2"><span class="flex justify-center items-center flex-1 | w-16"><svg></svg></span> <span class="mt-2 | text-black dark:text-white group-hover:text-pink-500 dark-group-hover:text-white | text-base md:text-lg | font-bold leading-none | transition-colors duration-300">
    Typescript
  </span></div>
            <div class="flex flex-col items-center justify-between | group transition-all duration-300 | card skill-icon m-2"><span class="flex justify-center items-center flex-1 | w-16"><svg></svg></span> <span class="mt-2 | text-black dark:text-white group-hover:text-pink-500 dark-group-hover:text-white | text-base md:text-lg | font-bold leading-none | transition-colors duration-300">
    NuxtJS
  </span></div>
            <div class="flex flex-col items-center justify-between | group transition-all duration-300 | card skill-icon m-2"><span class="flex justify-center items-center flex-1 | w-16"><svg></svg></span> <span class="mt-2 | text-black dark:text-white group-hover:text-pink-500 dark-group-hover:text-white | text-base md:text-lg | font-bold leading-none | transition-colors duration-300">
    VueJS
  </span></div>
            <div class="flex flex-col items-center justify-between | group transition-all duration-300 | card skill-icon m-2"><span class="flex justify-center items-center flex-1 | w-16"><svg></svg></span> <span class="mt-2 | text-black dark:text-white group-hover:text-pink-500 dark-group-hover:text-white | text-base md:text-lg | font-bold leading-none | transition-colors duration-300">
    ReactJS
  </span></div>
            <div class="flex flex-col items-center justify-between | group transition-all duration-300 | card skill-icon m-2"><span class="flex justify-center items-center flex-1 | w-16"><svg></svg></span> <span class="mt-2 | text-black dark:text-white group-hover:text-pink-500 dark-group-hover:text-white | text-base md:text-lg | font-bold leading-none | transition-colors duration-300">
    NodeJS
  </span></div>
            <div class="flex flex-col items-center justify-between | group transition-all duration-300 | card skill-icon m-2"><span class="flex justify-center items-center flex-1 | w-16"><svg></svg></span> <span class="mt-2 | text-black dark:text-white group-hover:text-pink-500 dark-group-hover:text-white | text-base md:text-lg | font-bold leading-none | transition-colors duration-300">
    Git
  </span></div>
            <div class="flex flex-col items-center justify-between | group transition-all duration-300 | card skill-icon m-2"><span class="flex justify-center items-center flex-1 | w-16"><svg></svg></span> <span class="mt-2 | text-black dark:text-white group-hover:text-pink-500 dark-group-hover:text-white | text-base md:text-lg | font-bold leading-none | transition-colors duration-300">
    Jest
  </span></div>
            <div class="flex flex-col items-center justify-between | group transition-all duration-300 | card skill-icon m-2"><span class="flex justify-center items-center flex-1 | w-16"><svg></svg></span> <span class="mt-2 | text-black dark:text-white group-hover:text-pink-500 dark-group-hover:text-white | text-base md:text-lg | font-bold leading-none | transition-colors duration-300">
    SASS
  </span></div>
            <div class="flex flex-col items-center justify-between | group transition-all duration-300 | card skill-icon m-2"><span class="flex justify-center items-center flex-1 | w-16"><svg></svg></span> <span class="mt-2 | text-black dark:text-white group-hover:text-pink-500 dark-group-hover:text-white | text-base md:text-lg | font-bold leading-none | transition-colors duration-300">
    CSS3
  </span></div>
            <div class="flex flex-col items-center justify-between | group transition-all duration-300 | card skill-icon m-2"><span class="flex justify-center items-center flex-1 | w-16"><svg></svg></span> <span class="mt-2 | text-black dark:text-white group-hover:text-pink-500 dark-group-hover:text-white | text-base md:text-lg | font-bold leading-none | transition-colors duration-300">
    HTML5
  </span></div>
          </div>
        </div>
      </div>
    </div>
  </section>
  <section class="section-container">
    <div class="container | flex | my-0 mx-auto">
      <div class="flex flex-col | w-full">
        <h2 class="section-title | mb-8 | about-me-experience__title">
          me.work-experience
        </h2>
        <div class="flex justify-center items-center | flex-1">
          <div class="w-full | grid grid-cols-1 gap-8 md:gap-2 md:grid-cols-9">
            <div class="inline-block | transition-all duration-300 | card md:col-span-3 md:row-start-1 md:col-start-1">
              <div class="flex items-center | text-black dark:text-white">
                <div class="flex flex-col flex-1"><span class="mb-1 | text-lg | font-bold">
        Software Developer
      </span> <span class="text-sm">
        TELUS International
      </span></div>
                <div class="flex flex-col | ml-5 | text-xs | capitalize"><span>
        Nov 2020 ~
      </span>
                  <!---->
                </div>
              </div>
            </div>
            <div class="inline-block | transition-all duration-300 | card md:col-span-3 md:row-start-2 md:col-start-3">
              <div class="flex items-center | text-black dark:text-white">
                <div class="flex flex-col flex-1"><span class="mb-1 | text-lg | font-bold">
        Frontend Developer
      </span> <span class="text-sm">
        Freelance
      </span></div>
                <div class="flex flex-col | ml-5 | text-xs | capitalize"><span>
        Feb 2020 ~
      </span>
                  <!---->
                </div>
              </div>
            </div>
            <div class="inline-block | transition-all duration-300 | card md:col-span-3 md:row-start-3 md:col-start-5">
              <div class="flex items-center | text-black dark:text-white">
                <div class="flex flex-col flex-1"><span class="mb-1 | text-lg | font-bold">
        Frontend Developer
      </span> <span class="text-sm">
        Master Development
      </span></div>
                <div class="flex flex-col | ml-5 | text-xs | capitalize"><span>
        Sep 2019 /
      </span> <span>
        Jul 2020
      </span></div>
              </div>
            </div>
            <div class="inline-block | transition-all duration-300 | card md:col-span-3 md:row-start-4 md:col-start-7">
              <div class="flex items-center | text-black dark:text-white">
                <div class="flex flex-col flex-1"><span class="mb-1 | text-lg | font-bold">
        Quality Assurance
      </span> <span class="text-sm">
        Viaro Networks
      </span></div>
                <div class="flex flex-col | ml-5 | text-xs | capitalize"><span>
        May 2018 /
      </span> <span>
        Sep 2019
      </span></div>
              </div>
            </div>
          </div>
        </div>
      </div>
    </div>
  </section>
</section>
`;
