// Jest Snapshot v1, https://goo.gl/fbAQLP

exports[`blog layout should render correclty 1`] = `
<main class="flex flex-col bg-gray-50 dark:bg-dark-theme-800 min-h-screen">
  <appfallbackload-stub></appfallbackload-stub>
  <appsidebarmenu-stub haslanguagepicker="true" style="display: none;"></appsidebarmenu-stub>
  <div></div> <span class="pb-20 pt-14"></span>
  <appfooter-stub></appfooter-stub>
</main>
`;
