// Jest Snapshot v1, https://goo.gl/fbAQLP

exports[`default layout should render correclty 1`] = `
<main class="bg-gray-50 dark:bg-blue-800">
  <appsidebarmenu-stub haslanguagepicker="true" style="display: none;"></appsidebarmenu-stub>
  <appnavigationbar-stub></appnavigationbar-stub>
  <header>
    <movablefigures-stub currentroute="/"></movablefigures-stub> <span name="page-banner" slim="" class="min-h-screen"></span>
  </header> <span></span>
  <appfooter-stub></appfooter-stub>
  <appfallbackload-stub></appfallbackload-stub>
</main>
`;
