// Jest Snapshot v1, https://goo.gl/fbAQLP

exports[`default layout should render correclty 1`] = `
<main class="bg-gray-50 dark:bg-dark-theme-800">
  <appfallbackload-stub></appfallbackload-stub>
  <appsidebarmenu-stub haslanguagepicker="true" style="display: none;"></appsidebarmenu-stub> <span><appnavigationbar-stub></appnavigationbar-stub></span>
  <header>
    <bannerbackgroundfigures-stub></bannerbackgroundfigures-stub> <span name="page-banner" slim="" class="min-h-screen"></span>
  </header> <span></span>
  <appfooter-stub></appfooter-stub>
</main>
`;
