// Jest Snapshot v1, https://goo.gl/fbAQLP

exports[`error page should render correclty 1`] = `
<section class="flex items-center justify-center w-full">
  <section class="flex flex-col items-center justify-center">
    <h1 class="text-7xl md:text-8xl text-gray-900 dark:text-gray-50">
      Oops!
    </h1>
    <p class="text-xl md:text-3xl text-center mb-8 text-gray-900 dark:text-gray-50">
      error.404-description
    </p> <a class="px-6 py-4 text-base md:text-lg rounded-full bg-pink-800 dark:bg-blue-500 text-white">
      error.home-link
    </a>
  </section>
</section>
`;
