// Jest Snapshot v1, https://goo.gl/fbAQLP

exports[`AboutMeInformation component should render correctly 1`] = `
<section class="section-container">
  <div class="max-w-screen-lg | flex justify-center | my-0 mx-auto">
    <div class="about-me-information__content">
      <div class="mb-4 md:mb-0">
        <h2 class="mb-8 | section-title about-me-information__title">
          About me
        </h2>
        <p class="font-base | about-me-information__description">
        <p>Hello, my name is Christian Bravo, a Frontend Developer from Guatemala with a great passion for web development using modern technologies.</p>
        <p>I enjoy solving problems, creating dynamic and intuitive user interfaces, developing rich web applications and experiences.</p>
        <p>Outside of the office you will find me playing soccer, collecting cactus and spending time with my pets and family.</p>
        </p>
      </div>
      <div class="flex items-center justify-center"><img src="~assets/img/photo-2.png" alt="christian picture" class="w-5/6 md:w-auto"></div>
    </div>
  </div>
</section>
`;
