// Jest Snapshot v1, https://goo.gl/fbAQLP

exports[`HomeBanner component should render correctly 1`] = `
<transition-stub name="flash-text">
  <section class="flex justify-center items-center px-4">
    <div class="relative">
      <h2 id="secondary" class="absolute font-bold text-center text-8xl sm:text-10xl md:text-12xl leading-none select-none text-gray-200 dark:text-blue-700 secondary-text">
        home.gretting
      </h2>
      <h1 id="primary" class="relative max-w-screen-md text-center text-3xl md:text-5xl z-10 text-gray-900 dark:text-gray-50 primary-text"><span class="text-center block">
      home.iam-name-text
    </span> <span class="text-center block">
      home.iam-job-text
    </span></h1>
    </div>
  </section>
</transition-stub>
`;
