// Jest Snapshot v1, https://goo.gl/fbAQLP

exports[`SocialIcon component should render correclty 1`] = `<a target="_blank" href="http://localhost/" class="w-6 h-6 md:w-10 md:h-10 | p-1 | bg-transparent dark:text-gray-50 dark-hover:bg-blue-500 dark-hover:border-blue-500 text-gray-900 hover:bg-pink-500 hover:text-gray-50 hover:border-pink-500 rounded-full social-icon"><svg></svg></a>`;
