// Jest Snapshot v1, https://goo.gl/fbAQLP

exports[`AppBurgerButton should render correclty 1`] = `
<button class="w-12 h-12 | p-3 | rounded-full | bg-gray-100 dark:bg-blue-900 | app-burger-button">
  <div class="flex flex-col items-end justify-center | relative | w-full h-full | app-burger-button__wrapper"><span class="absolute | block | w-9/12 | bg-black dark:bg-gray-100"></span> <span class="absolute | block | w-full | bg-black dark:bg-gray-100"></span> <span class="absolute | block | w-7/12 | bg-black dark:bg-gray-100"></span></div>
</button>
`;
