// Jest Snapshot v1, https://goo.gl/fbAQLP

exports[`AboutMeBanner component should render correctly 1`] = `
<section class="relative | flex justify-center items-center | px-4">
  <div class="relative">
    <h2 id="secondary" class="absolute | font-bold text-center | text-6xl sm:text-8xl md:text-10xl xl:text-13xl | leading-none select-none | text-gray-200 dark:text-blue-900 | app-banner__secondary-text" style="display: none;">
      About me
    </h2>
    <h1 class="relative z-10 | max-w-md sm:max-w-lg lg:max-w-screen-md xl:max-w-screen-lg | text-center text-xl sm:text-3xl md:text-4xl xl:text-5xl | text-gray-900 dark:text-gray-50 | app-banner__primary-text" style="display: none;"><span class="block | text-center | leading-snug | about-me-banner__description">**Helping** companies achieve their goals, doing what I **love**</span></h1>
  </div>
  <!---->
</section>
`;
