// Jest Snapshot v1, https://goo.gl/fbAQLP

exports[`AboutMeInformation component should render correctly 1`] = `
<section class="min-h-screen flex items-center py-8 px-4 bg-gray-200 dark:bg-blue-900">
  <div class="grid grid-cols-1 md:grid-cols-2 text-black dark:text-white container mx-auto">
    <div class="relative is-medium">
      <h1 class="w-full font-bold text-6xl sm:text-8xl md:text-10xl leading-none about-me-information__title">
        me.i-label
      </h1>
      <p class="relative z-10 text-base md:text-lg leading-loose">
        me.about-me-description
      </p>
    </div>
    <div class="flex items-center justify-center primary-text"><svg class="w-11/12 fill-current"></svg></div>
  </div>
</section>
`;
