// Jest Snapshot v1, https://goo.gl/fbAQLP

exports[`SkillIcon component should render correctly 1`] = `
<div class="flex flex-col group items-center justify-center w-full p-2 skill-icon hover:shadow-lg transition-shadow duration-150"><span class="w-16 text-pink-800 dark:text-blue-500"></span> <span class="mt-2 text-gray-300 dark:text-blue-700 group-hover:text-pink-800 dark-group-hover:text-blue-500 text-base md:text-lg font-bold transition-colors duration-150">
    This is an icon text
  </span></div>
`;
