// Jest Snapshot v1, https://goo.gl/fbAQLP

exports[`BannerBackgroundFigures component should render correctly 1`] = `<div class="hidden md:block absolute overflow-hidden w-full h-full pointer-events-none" currentroute="about"><span class="text-pink-500 dark:text-blue-500 text-opacity-30 dark:text-opacity-30"><svg class="absolute w-6 h-6 movable-figure movable-figure--1 fill-current /"></svg></span> <span class="text-pink-500 dark:text-blue-500 text-opacity-30 dark:text-opacity-30"><svg class="absolute w-7 h-7 movable-figure movable-figure--2 fill-current /"></svg></span> <span class="text-pink-500 dark:text-blue-500 text-opacity-30 dark:text-opacity-30"><svg class="absolute w-8 h-8 movable-figure movable-figure--3 fill-current /"></svg></span></div>`;
