// Jest Snapshot v1, https://goo.gl/fbAQLP

exports[`ContentDivider component should render correclty 1`] = `
<svg xmlns="http://www.w3.org/2000/svg" viewBox="0 0 1440 320" class="text-gray-200 dark:text-blue-900">
  <path fill="currentColor" fill-opacity="1" d="M0,192L360,160L720,96L1080,224L1440,224L1440,320L1080,320L720,320L360,320L0,320Z"></path>
</svg>
`;
