// Jest Snapshot v1, https://goo.gl/fbAQLP

exports[`AppBanner component should render correclty 1`] = `
<section class="relative | flex justify-center items-center | px-4">
  <div class="relative">
    <h2 id="secondary" class="absolute | font-bold text-center | text-6xl sm:text-8xl md:text-10xl xl:text-13xl | leading-none select-none | text-gray-100 dark:text-dark-theme-900 | app-banner__secondary-text" style="display: none;">This is a secondary text</h2>
    <h1 class="relative z-10 | max-w-md sm:max-w-lg lg:max-w-screen-md xl:max-w-screen-lg | text-center text-xl sm:text-3xl md:text-4xl xl:text-5xl | text-gray-900 dark:text-gray-50 | app-banner__primary-text" style="display: none;">This is a primary text</h1>
  </div>
</section>
`;
