// Jest Snapshot v1, https://goo.gl/fbAQLP

exports[`BlogBanner component should render correclty 1`] = `
<section class="flex relative bg-black"><img src="image.png" alt="ballon" class="absolute inset-0 w-full h-full object-cover object-center opacity-50">
  <div class="flex flex-col justify-between container mx-auto relative z-10 p-4">
    <div></div>
    <div class="flex flex-col justify-center items-center"><span class="text-xs text-center text-gray-300">
        Oct 24, 2020
      </span>
      <h1 class="text-3xl text-center md:text-5xl text-gray-50 font-bold">
        my new post
      </h1>
      <h6 class="text-base  text-center text-gray-50">
        welcome to my new post
      </h6>
    </div>
    <div class="flex justify-end"><span class="text-gray-50 text-xs"><span class="text-xl">
          2
        </span>
      min read
      </span></div>
  </div>
</section>
`;
