// Jest Snapshot v1, https://goo.gl/fbAQLP

exports[`AboutMeInformation component should render correctly 1`] = `
<section class="section-container">
  <div class="max-w-screen-lg | flex justify-center | my-0 mx-auto">
    <div class="about-me-information__content">
      <div class="mb-4 md:mb-0">
        <h2 class="mb-8 | section-title about-me-information__title">
          About me
        </h2> <span><p class="font-base | about-me-information__description"><p>Hello, my name is Christian Bravo, a Frontend Developer from Guatemala with a great passion for web development using modern technologies.</p>
<p>I love solving problems, developing applications and creating dynamic, intuitive and accessible user interfaces.</p>
<p>Outside of the office you will find me playing soccer, collecting cactus, playing videogames and spending time with my pets and family.</p>
</p></span>
      </div>
      <div class="flex items-center justify-center"><img src="~assets/img/photo-3.png" alt="christian picture" class="w-full max-w-sm"></div>
    </div>
  </div>
</section>
`;
